[debug] [2023-07-23T17:45:43.034Z] ----------------------------------------------------------------------
[debug] [2023-07-23T17:45:43.038Z] Command:       C:\Program Files\nodejs\node.exe C:\Users\Mithun\AppData\Roaming\npm\node_modules\firebase-tools\lib\bin\firebase.js deploy
[debug] [2023-07-23T17:45:43.039Z] CLI Version:   11.8.0
[debug] [2023-07-23T17:45:43.039Z] Platform:      win32
[debug] [2023-07-23T17:45:43.039Z] Node Version:  v16.13.1
[debug] [2023-07-23T17:45:43.117Z] Time:          Sun Jul 23 2023 23:45:43 GMT+0600 (Bangladesh Standard Time)
[debug] [2023-07-23T17:45:43.118Z] ----------------------------------------------------------------------
[debug] 
[debug] [2023-07-23T17:45:43.245Z] > command requires scopes: ["email","openid","https://www.googleapis.com/auth/cloudplatformprojects.readonly","https://www.googleapis.com/auth/firebase","https://www.googleapis.com/auth/cloud-platform"]
[debug] [2023-07-23T17:45:43.245Z] > authorizing via signed-in user (mehedialmamuncse@gmail.com)
[debug] [2023-07-23T17:45:43.245Z] [iam] checking project mehedi404 for permissions ["firebase.projects.get","firebasehosting.sites.update"]
[debug] [2023-07-23T17:45:43.247Z] > refreshing access token with scopes: []
[debug] [2023-07-23T17:45:43.248Z] >>> [apiv2][query] POST https://www.googleapis.com/oauth2/v3/token [none]
[debug] [2023-07-23T17:45:43.248Z] >>> [apiv2][body] POST https://www.googleapis.com/oauth2/v3/token [omitted]
[debug] [2023-07-23T17:45:46.808Z] <<< [apiv2][status] POST https://www.googleapis.com/oauth2/v3/token 200
[debug] [2023-07-23T17:45:46.809Z] <<< [apiv2][body] POST https://www.googleapis.com/oauth2/v3/token [omitted]
[debug] [2023-07-23T17:45:46.847Z] >>> [apiv2][query] POST https://cloudresourcemanager.googleapis.com/v1/projects/mehedi404:testIamPermissions [none]
[debug] [2023-07-23T17:45:46.848Z] >>> [apiv2][(partial)header] POST https://cloudresourcemanager.googleapis.com/v1/projects/mehedi404:testIamPermissions x-goog-quota-user=projects/mehedi404
[debug] [2023-07-23T17:45:46.848Z] >>> [apiv2][body] POST https://cloudresourcemanager.googleapis.com/v1/projects/mehedi404:testIamPermissions {"permissions":["firebase.projects.get","firebasehosting.sites.update"]}
[debug] [2023-07-23T17:45:49.513Z] <<< [apiv2][status] POST https://cloudresourcemanager.googleapis.com/v1/projects/mehedi404:testIamPermissions 200
[debug] [2023-07-23T17:45:49.514Z] <<< [apiv2][body] POST https://cloudresourcemanager.googleapis.com/v1/projects/mehedi404:testIamPermissions {"permissions":["firebase.projects.get","firebasehosting.sites.update"]}
[debug] [2023-07-23T17:45:49.515Z] >>> [apiv2][query] GET https://firebase.googleapis.com/v1beta1/projects/mehedi404 [none]
[debug] [2023-07-23T17:46:19.521Z] Timeout reached making request to https://firebase.googleapis.com/v1beta1/projects/mehedi404
[debug] [2023-07-23T17:46:20.298Z] FirebaseError: Timeout reached making request to https://firebase.googleapis.com/v1beta1/projects/mehedi404
    at RetryOperation._fn (C:\Users\Mithun\AppData\Roaming\npm\node_modules\firebase-tools\lib\apiv2.js:238:35)
    at processTicksAndRejections (node:internal/process/task_queues:96:5)
[error] 
[error] Error: Failed to get Firebase project mehedi404. Please make sure the project exists and your account has permission to access it.
